\BOOKMARK [0][-]{section*.2}{\376\377\144\130\000\040\211\201}{}% 1
\BOOKMARK [0][-]{section*.4}{Abstract}{}% 2
\BOOKMARK [0][-]{section*.5}{\376\377\166\356\000\040\137\125}{}% 3
\BOOKMARK [0][-]{section*.7}{\376\377\126\376\210\150\166\356\137\125}{}% 4
\BOOKMARK [0][-]{section*.13}{\376\377\173\046\123\367\116\016\177\051\165\145\213\355\213\364\146\016}{}% 5
\BOOKMARK [0][-]{chapter.1}{\376\377\173\054\0001\172\340\000\040\000\040\176\352\213\272}{}% 6
\BOOKMARK [1][-]{section.1.1}{\376\377\0001\000.\0001\000\040\116\316\121\205\150\070\121\205\133\130\133\211\121\150\177\072\226\167\122\060\143\001\176\355\226\217\147\072\123\026}{chapter.1}% 7
\BOOKMARK [1][-]{section.1.2}{\376\377\0001\000.\0002\000\040\170\024\172\166\225\356\230\230\116\016\227\142\116\064\166\204\143\021\142\030}{chapter.1}% 8
\BOOKMARK [2][-]{subsection.1.2.1}{\376\377\0001\000.\0002\000.\0001\000\040\121\161\140\047\143\021\142\030\377\032\000b\000u\000i\000l\000t\000-\000i\000n\000\040\116\343\170\001\177\072\116\117\146\016\170\156\166\204\226\217\147\072\123\026\217\271\165\114}{section.1.2}% 9
\BOOKMARK [2][-]{subsection.1.2.2}{\376\377\0001\000.\0002\000.\0002\000\040\143\021\142\030\116\000\377\032\116\343\170\001\175\042\137\025\146\364\145\260\116\016\142\147\210\114\155\101\123\117\214\003}{section.1.2}% 10
\BOOKMARK [2][-]{subsection.1.2.3}{\376\377\0001\000.\0002\000.\0003\000\040\143\021\142\030\116\214\377\032\226\217\147\072\123\026\166\204\211\346\123\321\145\366\147\072\116\016\117\134\165\050\133\371\214\141}{section.1.2}% 11
\BOOKMARK [2][-]{subsection.1.2.4}{\376\377\0001\000.\0002\000.\0004\000\040\143\021\142\030\116\011\377\032\227\136\226\217\147\072\123\026\123\072\127\337\116\055\143\007\224\210\213\244\213\301\116\012\116\013\145\207\166\204\117\040\144\255}{section.1.2}% 12
\BOOKMARK [1][-]{section.1.3}{\376\377\0001\000.\0003\000\040\170\024\172\166\121\205\133\271\116\016\116\073\211\201\215\041\163\056}{chapter.1}% 13
\BOOKMARK [2][-]{subsection.1.3.1}{\376\377\0001\000.\0003\000.\0001\000\040\170\024\172\166\121\205\133\271\116\000\377\032\127\372\116\216\215\363\147\177\121\375\145\160\166\204\117\116\137\000\225\000\143\001\176\355\226\217\147\072\123\026}{section.1.3}% 14
\BOOKMARK [2][-]{subsection.1.3.2}{\376\377\0001\000.\0003\000.\0002\000\040\170\024\172\166\121\205\133\271\116\214\377\032\127\372\116\216\116\343\170\001\175\042\137\025\154\304\227\062\166\204\211\346\123\321\137\017\226\217\147\072\123\026}{section.1.3}% 15
\BOOKMARK [2][-]{subsection.1.3.3}{\376\377\0001\000.\0003\000.\0003\000\040\170\024\172\166\121\205\133\271\116\011\377\032\127\372\116\216\226\217\147\072\123\026\217\205\122\251\166\204\000\040\000A\000R\000M\000\040\143\007\224\210\213\244\213\301\147\072\122\066}{section.1.3}% 16
\BOOKMARK [2][-]{subsection.1.3.4}{\376\377\0001\000.\0003\000.\0004\000\040\116\011\230\171\135\345\117\134\166\204\121\163\174\373}{section.1.3}% 17
\BOOKMARK [1][-]{section.1.4}{\376\377\0001\000.\0004\000\040\147\054\145\207\166\204\133\211\121\150\140\047\213\272\213\301\145\271\137\017}{chapter.1}% 18
\BOOKMARK [1][-]{section.1.5}{\376\377\0001\000.\0005\000\040\213\272\145\207\176\304\176\307\176\323\147\204}{chapter.1}% 19
\BOOKMARK [0][-]{chapter.2}{\376\377\173\054\0002\172\340\000\040\000\040\166\370\121\163\170\024\172\166\176\374\217\360\116\016\132\001\200\301\152\041\127\213}{}% 20
\BOOKMARK [1][-]{section.2.1}{\376\377\0002\000.\0001\000\040\121\205\133\130\133\211\121\150\157\017\155\036\145\073\226\062\145\271\154\325\166\204\157\024\217\333}{chapter.2}% 21
\BOOKMARK [1][-]{section.2.2}{\376\377\0002\000.\0002\000\040\121\205\150\070\127\060\127\100\172\172\225\364\136\003\134\100\226\217\147\072\123\026\166\370\121\163\135\345\117\134}{chapter.2}% 22
\BOOKMARK [2][-]{subsection.2.2.1}{\376\377\0002\000.\0002\000.\0001\000\040\116\000\153\041\140\047\226\217\147\072\123\026}{section.2.2}% 23
\BOOKMARK [2][-]{subsection.2.2.2}{\376\377\0002\000.\0002\000.\0002\000\040\143\001\176\355\226\217\147\072\123\026}{section.2.2}% 24
\BOOKMARK [2][-]{subsection.2.2.3}{\376\377\0002\000.\0002\000.\0003\000\040\220\350\122\006\226\217\147\072\123\026\116\016\211\346\123\321\137\017\226\217\147\072\123\026}{section.2.2}% 25
\BOOKMARK [1][-]{section.2.3}{\376\377\0002\000.\0003\000\040\143\001\176\355\226\217\147\072\123\026\166\204\116\011\116\052\150\070\137\303\225\356\230\230}{chapter.2}% 26
\BOOKMARK [2][-]{subsection.2.3.1}{\376\377\0002\000.\0003\000.\0001\000\040\116\343\170\001\175\042\137\025\146\364\145\260}{section.2.3}% 27
\BOOKMARK [2][-]{subsection.2.3.2}{\376\377\0002\000.\0003\000.\0002\000\040\142\147\210\114\155\101\166\204\133\211\121\150\146\202\120\134}{section.2.3}% 28
\BOOKMARK [2][-]{subsection.2.3.3}{\376\377\0002\000.\0003\000.\0003\000\040\226\217\147\072\123\026\166\204\211\346\123\321\173\126\165\145}{section.2.3}% 29
\BOOKMARK [2][-]{subsection.2.3.4}{\376\377\0002\000.\0003\000.\0004\000\040\227\136\226\217\147\072\123\026\123\072\127\337\166\204\131\004\164\006}{section.2.3}% 30
\BOOKMARK [1][-]{section.2.4}{\376\377\0002\000.\0004\000\040\123\352\142\147\210\114\121\205\133\130\142\200\147\057}{chapter.2}% 31
\BOOKMARK [2][-]{subsection.2.4.1}{\376\377\0002\000.\0004\000.\0001\000\040\133\236\163\260\215\357\137\204}{section.2.4}% 32
\BOOKMARK [2][-]{subsection.2.4.2}{\376\377\0002\000.\0004\000.\0002\000\040\121\205\150\070\127\072\146\157\116\013\166\204\116\044\116\052\126\360\226\276}{section.2.4}% 33
\BOOKMARK [1][-]{section.2.5}{\376\377\0002\000.\0005\000\040\170\154\116\366\217\205\122\251\166\204\143\247\122\066\155\101\133\214\145\164\140\047}{chapter.2}% 34
\BOOKMARK [2][-]{subsection.2.5.1}{\376\377\0002\000.\0005\000.\0001\000\040\204\075\127\060\160\271\150\007\213\260\174\173}{section.2.5}% 35
\BOOKMARK [2][-]{subsection.2.5.2}{\376\377\0002\000.\0005\000.\0002\000\040\173\176\124\015\232\214\213\301\174\173}{section.2.5}% 36
\BOOKMARK [2][-]{subsection.2.5.3}{\376\377\0002\000.\0005\000.\0003\000\040\174\173\127\213\124\310\136\014\174\173}{section.2.5}% 37
\BOOKMARK [2][-]{subsection.2.5.4}{\376\377\0002\000.\0005\000.\0004\000\040\134\017\176\323}{section.2.5}% 38
\BOOKMARK [1][-]{section.2.6}{\376\377\0002\000.\0006\000\040\147\054\145\207\166\204\132\001\200\301\152\041\127\213}{chapter.2}% 39
\BOOKMARK [2][-]{subsection.2.6.1}{\376\377\0002\000.\0006\000.\0001\000\040\145\073\121\373\200\005\200\375\122\233}{section.2.6}% 40
\BOOKMARK [2][-]{subsection.2.6.2}{\376\377\0002\000.\0006\000.\0002\000\040\126\333\174\173\145\073\121\373\124\021\221\317}{section.2.6}% 41
\BOOKMARK [2][-]{subsection.2.6.3}{\376\377\0002\000.\0006\000.\0003\000\040\117\341\116\373\127\372\170\100}{section.2.6}% 42
\BOOKMARK [2][-]{subsection.2.6.4}{\376\377\0002\000.\0006\000.\0004\000\040\146\016\170\156\166\204\143\222\226\144\230\171}{section.2.6}% 43
\BOOKMARK [1][-]{section.2.7}{\376\377\0002\000.\0007\000\040\133\211\121\150\116\015\123\330\137\017}{chapter.2}% 44
\BOOKMARK [2][-]{subsection.2.7.1}{\376\377\0002\000.\0007\000.\0001\000\040\116\015\123\330\137\017\166\204\133\232\116\111}{section.2.7}% 45
\BOOKMARK [2][-]{subsection.2.7.2}{\376\377\0002\000.\0007\000.\0002\000\040\116\015\123\330\137\017\116\016\172\340\202\202\060\001\213\301\143\156\134\102\176\247\166\204\133\371\136\224}{section.2.7}% 46
\BOOKMARK [1][-]{section.2.8}{\376\377\0002\000.\0008\000\040\147\054\172\340\134\017\176\323}{chapter.2}% 47
\BOOKMARK [0][-]{chapter.3}{\376\377\173\054\0003\172\340\000\040\000\040\127\372\116\216\215\363\147\177\121\375\145\160\166\204\117\116\137\000\225\000\143\001\176\355\226\217\147\072\123\026\145\271\154\325}{}% 48
\BOOKMARK [1][-]{section.3.1}{\376\377\0003\000.\0001\000\040\137\025\212\000}{chapter.3}% 49
\BOOKMARK [1][-]{section.3.2}{\376\377\0003\000.\0002\000\040\170\024\172\166\200\314\146\157\116\016\122\250\147\072}{chapter.3}% 50
\BOOKMARK [2][-]{subsection.3.2.1}{\376\377\0003\000.\0002\000.\0001\000\040\000B\000u\000i\000l\000t\000-\000i\000n\000\040\116\343\170\001\166\204\116\343\170\001\175\042\137\025\146\364\145\260}{section.3.2}% 51
\BOOKMARK [2][-]{subsection.3.2.2}{\376\377\0003\000.\0002\000.\0002\000\040\000B\000u\000i\000l\000t\000-\000i\000n\000\040\116\343\170\001\166\204\142\147\210\114\155\101\146\202\120\134}{section.3.2}% 52
\BOOKMARK [2][-]{subsection.3.2.3}{\376\377\0003\000.\0002\000.\0003\000\040\170\024\172\166\122\250\147\072\116\016\143\021\142\030}{section.3.2}% 53
\BOOKMARK [1][-]{section.3.3}{\376\377\0003\000.\0003\000\040\174\373\176\337\213\276\213\241}{chapter.3}% 54
\BOOKMARK [2][-]{subsection.3.3.1}{\376\377\0003\000.\0003\000.\0001\000\040\140\073\117\123\147\266\147\204}{section.3.3}% 55
\BOOKMARK [2][-]{subsection.3.3.2}{\376\377\0003\000.\0003\000.\0002\000\040\215\363\147\177\121\375\145\160\166\204\213\276\213\241}{section.3.3}% 56
\BOOKMARK [2][-]{subsection.3.3.3}{\376\377\0003\000.\0003\000.\0003\000\040\121\375\145\160\174\222\136\246\117\115\177\156\145\340\121\163\116\343\170\001}{section.3.3}% 57
\BOOKMARK [2][-]{subsection.3.3.4}{\376\377\0003\000.\0003\000.\0004\000\040\142\147\210\114\155\101\217\375\216\052\116\016\133\211\121\150\146\202\120\134}{section.3.3}% 58
\BOOKMARK [1][-]{section.3.4}{\376\377\0003\000.\0004\000\040\174\373\176\337\133\236\163\260}{chapter.3}% 59
\BOOKMARK [2][-]{subsection.3.4.1}{\376\377\0003\000.\0004\000.\0001\000\040\000L\000L\000V\000M\000\040\177\026\213\321\126\150\142\151\134\125}{section.3.4}% 60
\BOOKMARK [2][-]{subsection.3.4.2}{\376\377\0003\000.\0004\000.\0002\000\040\217\320\210\114\145\366\226\217\147\072\123\026\166\204\133\236\163\260}{section.3.4}% 61
\BOOKMARK [2][-]{subsection.3.4.3}{\376\377\0003\000.\0004\000.\0003\000\040\123\357\226\217\147\072\123\026\166\204\217\271\165\114}{section.3.4}% 62
\BOOKMARK [1][-]{section.3.5}{\376\377\0003\000.\0005\000\040\133\236\232\214\213\304\117\060}{chapter.3}% 63
\BOOKMARK [2][-]{subsection.3.5.1}{\376\377\0003\000.\0005\000.\0001\000\040\133\236\232\214\221\115\177\156}{section.3.5}% 64
\BOOKMARK [2][-]{subsection.3.5.2}{\376\377\0003\000.\0005\000.\0002\000\040\226\217\147\072\123\026\136\366\217\337}{section.3.5}% 65
\BOOKMARK [2][-]{subsection.3.5.3}{\376\377\0003\000.\0005\000.\0003\000\040\226\217\147\072\123\026\121\205\150\070\150\070\137\303\133\120\174\373\176\337\166\204\137\000\225\000}{section.3.5}% 66
\BOOKMARK [2][-]{subsection.3.5.4}{\376\377\0003\000.\0005\000.\0004\000\040\116\016\135\362\147\011\143\001\176\355\226\217\147\072\123\026\135\345\117\134\166\204\124\014\147\141\116\366\133\371\153\324}{section.3.5}% 67
\BOOKMARK [2][-]{subsection.3.5.5}{\376\377\0003\000.\0005\000.\0005\000\040\226\217\147\072\123\026\203\003\126\364\116\016\215\363\147\177\214\003\165\050\123\140\153\324\166\204\121\163\174\373}{section.3.5}% 68
\BOOKMARK [1][-]{section.3.6}{\376\377\0003\000.\0006\000\040\133\211\121\150\140\047\122\006\147\220}{chapter.3}% 69
\BOOKMARK [1][-]{section.3.7}{\376\377\0003\000.\0007\000\040\147\054\172\340\134\017\176\323}{chapter.3}% 70
\BOOKMARK [0][-]{chapter.4}{\376\377\173\054\0004\172\340\000\040\000\040\127\372\116\216\116\343\170\001\175\042\137\025\154\304\227\062\166\204\211\346\123\321\137\017\226\217\147\072\123\026}{}% 71
\BOOKMARK [1][-]{section.4.1}{\376\377\0004\000.\0001\000\040\137\025\212\000}{chapter.4}% 72
\BOOKMARK [1][-]{section.4.2}{\376\377\0004\000.\0002\000\040\170\024\172\166\200\314\146\157\116\016\122\250\147\072}{chapter.4}% 73
\BOOKMARK [2][-]{subsection.4.2.1}{\376\377\0004\000.\0002\000.\0001\000\040\215\363\147\177\147\072\122\066\127\050\137\000\225\000\116\012\166\204\134\100\226\120}{section.4.2}% 74
\BOOKMARK [2][-]{subsection.4.2.2}{\376\377\0004\000.\0002\000.\0002\000\040\226\217\147\072\123\026\166\204\211\346\123\321\173\126\165\145}{section.4.2}% 75
\BOOKMARK [2][-]{subsection.4.2.3}{\376\377\0004\000.\0002\000.\0003\000\040\117\335\142\244\145\164\116\052\116\343\170\001\123\072\127\337\166\204\116\343\116\367}{section.4.2}% 76
\BOOKMARK [2][-]{subsection.4.2.4}{\376\377\0004\000.\0002\000.\0004\000\040\170\024\172\166\122\250\147\072\116\016\143\021\142\030}{section.4.2}% 77
\BOOKMARK [1][-]{section.4.3}{\376\377\0004\000.\0003\000\040\174\373\176\337\213\276\213\241}{chapter.4}% 78
\BOOKMARK [2][-]{subsection.4.3.1}{\376\377\0004\000.\0003\000.\0001\000\040\140\073\117\123\147\266\147\204}{section.4.3}% 79
\BOOKMARK [2][-]{subsection.4.3.2}{\376\377\0004\000.\0003\000.\0002\000\040\123\352\142\147\210\114\116\343\170\001\123\072\127\337\166\204\213\276\213\241}{section.4.3}% 80
\BOOKMARK [2][-]{subsection.4.3.3}{\376\377\0004\000.\0003\000.\0003\000\040\117\341\140\157\154\304\227\062\213\306\122\053}{section.4.3}% 81
\BOOKMARK [2][-]{subsection.4.3.4}{\376\377\0004\000.\0003\000.\0004\000\040\116\044\176\247\215\363\147\177\116\016\215\363\147\177\157\300\155\073}{section.4.3}% 82
\BOOKMARK [1][-]{section.4.4}{\376\377\0004\000.\0004\000\040\174\373\176\337\133\236\163\260}{chapter.4}% 83
\BOOKMARK [2][-]{subsection.4.4.1}{\376\377\0004\000.\0004\000.\0001\000\040\000x\0008\0006\000\040\136\163\123\360\377\032\127\372\116\216\173\241\164\006\140\001\117\335\142\244\225\056\166\204\123\352\142\147\210\114\121\205\133\130}{section.4.4}% 84
\BOOKMARK [2][-]{subsection.4.4.2}{\376\377\0004\000.\0004\000.\0002\000\040\000A\000R\000M\000\040\136\163\123\360\377\032\127\372\116\216\170\154\116\366\214\003\213\325\211\302\133\337\160\271\166\204\133\236\163\260}{section.4.4}% 85
\BOOKMARK [2][-]{subsection.4.4.3}{\376\377\0004\000.\0004\000.\0003\000\040\116\044\176\247\215\363\147\177\166\204\116\343\170\001\165\037\142\020}{section.4.4}% 86
\BOOKMARK [1][-]{section.4.5}{\376\377\0004\000.\0005\000\040\133\236\232\214\213\304\117\060}{chapter.4}% 87
\BOOKMARK [2][-]{subsection.4.5.1}{\376\377\0004\000.\0005\000.\0001\000\040\133\236\232\214\221\115\177\156}{section.4.5}% 88
\BOOKMARK [2][-]{subsection.4.5.2}{\376\377\0004\000.\0005\000.\0002\000\040\116\044\147\141\215\357\137\204\166\204\123\125\153\041\150\300\155\113\137\000\225\000}{section.4.5}% 89
\BOOKMARK [2][-]{subsection.4.5.3}{\376\377\0004\000.\0005\000.\0003\000\040\211\346\123\321\230\221\163\207\116\016\211\346\123\321\136\366\217\337}{section.4.5}% 90
\BOOKMARK [2][-]{subsection.4.5.4}{\376\377\0004\000.\0005\000.\0004\000\040\154\304\227\062\127\060\127\100\166\204\147\011\145\110\147\037\116\016\122\051\165\050\172\336\140\001}{section.4.5}% 91
\BOOKMARK [2][-]{subsection.4.5.5}{\376\377\0004\000.\0005\000.\0005\000\040\147\052\157\300\155\073\116\016\157\300\155\073\162\266\140\001\166\204\123\125\153\041\214\003\165\050\137\000\225\000}{section.4.5}% 92
\BOOKMARK [1][-]{section.4.6}{\376\377\0004\000.\0006\000\040\133\211\121\150\140\047\122\006\147\220}{chapter.4}% 93
\BOOKMARK [1][-]{section.4.7}{\376\377\0004\000.\0007\000\040\147\054\172\340\134\017\176\323}{chapter.4}% 94
\BOOKMARK [0][-]{chapter.5}{\376\377\173\054\0005\172\340\000\040\000\040\127\372\116\216\226\217\147\072\123\026\217\205\122\251\166\204\000\040\000A\000R\000M\000\040\143\007\224\210\213\244\213\301\147\072\122\066}{}% 95
\BOOKMARK [1][-]{section.5.1}{\376\377\0005\000.\0001\000\040\137\025\212\000}{chapter.5}% 96
\BOOKMARK [1][-]{section.5.2}{\376\377\0005\000.\0002\000\040\170\024\172\166\200\314\146\157\116\016\122\250\147\072}{chapter.5}% 97
\BOOKMARK [2][-]{subsection.5.2.1}{\376\377\0005\000.\0002\000.\0001\000\040\220\350\122\006\226\217\147\072\123\026\116\016\227\136\226\217\147\072\123\026\123\072\127\337}{section.5.2}% 98
\BOOKMARK [2][-]{subsection.5.2.2}{\376\377\0005\000.\0002\000.\0002\000\040\143\007\224\210\213\244\213\301\116\016\116\012\116\013\145\207\117\040\144\255}{section.5.2}% 99
\BOOKMARK [2][-]{subsection.5.2.3}{\376\377\0005\000.\0002\000.\0003\000\040\170\024\172\166\122\250\147\072\116\016\143\021\142\030}{section.5.2}% 100
\BOOKMARK [1][-]{section.5.3}{\376\377\0005\000.\0003\000\040\174\373\176\337\213\276\213\241}{chapter.5}% 101
\BOOKMARK [2][-]{subsection.5.3.1}{\376\377\0005\000.\0003\000.\0001\000\040\140\073\117\123\147\266\147\204\116\016\150\070\137\303\140\035\140\363}{section.5.3}% 102
\BOOKMARK [2][-]{subsection.5.3.2}{\376\377\0005\000.\0003\000.\0002\000\040\116\345\226\217\147\072\123\026\142\123\145\255\116\012\116\013\145\207\117\040\144\255\224\376}{section.5.3}% 103
\BOOKMARK [2][-]{subsection.5.3.3}{\376\377\0005\000.\0003\000.\0003\000\040\215\363\147\177\131\004\166\204\122\006\123\072\232\214\213\301}{section.5.3}% 104
\BOOKMARK [1][-]{section.5.4}{\376\377\0005\000.\0004\000\040\174\373\176\337\133\236\163\260}{chapter.5}% 105
\BOOKMARK [2][-]{subsection.5.4.1}{\376\377\0005\000.\0004\000.\0001\000\040\177\026\213\321\147\037\377\032\143\007\224\210\213\244\213\301\143\322\150\151}{section.5.4}% 106
\BOOKMARK [2][-]{subsection.5.4.2}{\376\377\0005\000.\0004\000.\0002\000\040\217\320\210\114\147\037\377\032\232\330\142\107\121\145\121\375\145\160\166\204\215\337\216\052\060\001\176\321\133\232\116\016\217\301\171\373}{section.5.4}% 107
\BOOKMARK [2][-]{subsection.5.4.3}{\376\377\0005\000.\0004\000.\0003\000\040\215\350\123\072\127\337\121\372\123\343\166\204\123\314\221\315\150\300\147\345}{section.5.4}% 108
\BOOKMARK [1][-]{section.5.5}{\376\377\0005\000.\0005\000\040\133\236\232\214\213\304\117\060}{chapter.5}% 109
\BOOKMARK [2][-]{subsection.5.5.1}{\376\377\0005\000.\0005\000.\0001\000\040\133\236\232\214\221\115\177\156}{section.5.5}% 110
\BOOKMARK [2][-]{subsection.5.5.2}{\376\377\0005\000.\0005\000.\0002\000\040\143\247\122\066\155\101\133\214\145\164\140\047\150\300\147\345\166\204\174\276\136\246\116\016\137\000\225\000}{section.5.5}% 111
\BOOKMARK [2][-]{subsection.5.5.3}{\376\377\0005\000.\0005\000.\0003\000\040\232\330\142\107\121\145\121\375\145\160\213\306\122\053\166\204\145\066\145\133\116\016\121\306\170\156\140\047}{section.5.5}% 112
\BOOKMARK [2][-]{subsection.5.5.4}{\376\377\0005\000.\0005\000.\0004\000\040\121\166\116\326\220\350\122\006\226\217\147\072\123\026\145\271\154\325\217\301\171\373}{section.5.5}% 113
\BOOKMARK [1][-]{section.5.6}{\376\377\0005\000.\0006\000\040\133\211\121\150\140\047\122\006\147\220}{chapter.5}% 114
\BOOKMARK [1][-]{section.5.7}{\376\377\0005\000.\0007\000\040\147\054\172\340\134\017\176\323}{chapter.5}% 115
\BOOKMARK [0][-]{chapter.6}{\376\377\173\054\0006\172\340\000\040\000\040\140\073\176\323\116\016\134\125\147\033}{}% 116
\BOOKMARK [1][-]{section.6.1}{\376\377\0006\000.\0001\000\040\213\272\145\207\140\073\176\323}{chapter.6}% 117
\BOOKMARK [1][-]{section.6.2}{\376\377\0006\000.\0002\000\040\116\073\211\201\122\033\145\260\160\271}{chapter.6}% 118
\BOOKMARK [1][-]{section.6.3}{\376\377\0006\000.\0003\000\040\134\100\226\120\140\047\116\016\147\052\147\145\135\345\117\134}{chapter.6}% 119
\BOOKMARK [1][-]{section.6.4}{\376\377\0006\000.\0004\000\040\176\323\213\355}{chapter.6}% 120
\BOOKMARK [0][-]{section*.75}{\376\377\123\302\200\003\145\207\163\056}{}% 121
\BOOKMARK [0][-]{appendix*.77}{\376\377\201\364\214\042}{}% 122
\BOOKMARK [0][-]{appendix*.78}{\376\377\117\134\200\005\173\200\123\206\123\312\145\073\213\373\133\146\117\115\147\037\225\364\123\321\210\150\166\204\133\146\147\057\213\272\145\207\116\016\121\166\116\326\166\370\121\163\133\146\147\057\142\020\147\234}{}% 123
